[2026-02-05 08:07:41 - INFO - Task: N/A - Event: N/A - Role: System - Builds: [N/A]]: Applied migration for model: Task
[2026-02-05 08:07:43 - ERROR - Task: N/A - Event: N/A - Role: System - Builds: [N/A]]: Migration failed for TaskEvent: Parser Error: table "task_events" has more than one primary key
[2026-02-05 08:07:44 - ERROR - Task: N/A - Event: N/A - Role: System - Builds: [N/A]]: Migration failed for EventLog: Parser Error: table "event_logs" has more than one primary key
[2026-02-05 08:07:44 - ERROR - Task: N/A - Event: N/A - Role: System - Builds: [N/A]]: Migration failed for ScoreBoard: Parser Error: table "score_board" has more than one primary key
[2026-02-05 08:07:44 - INFO - Task: N/A - Event: N/A - Role: System - Builds: [N/A]]: Applied migration for model: Build
[2026-02-05 08:07:46 - INFO - Task: N/A - Event: N/A - Role: System - Builds: [N/A]]: Library API and Database Schemas are ready.
[2026-02-05 08:08:45 - INFO - Task: N/A - Event: N/A - Role: System - Builds: [N/A]]: Applied migration for model: Task
[2026-02-05 08:08:47 - ERROR - Task: N/A - Event: N/A - Role: System - Builds: [N/A]]: Migration failed for TaskEvent: Parser Error: table "task_events" has more than one primary key
[2026-02-05 08:08:48 - ERROR - Task: N/A - Event: N/A - Role: System - Builds: [N/A]]: Migration failed for EventLog: Parser Error: table "event_logs" has more than one primary key
[2026-02-05 08:08:48 - ERROR - Task: N/A - Event: N/A - Role: System - Builds: [N/A]]: Migration failed for ScoreBoard: Parser Error: table "score_board" has more than one primary key
[2026-02-05 08:08:48 - INFO - Task: N/A - Event: N/A - Role: System - Builds: [N/A]]: Applied migration for model: Build
[2026-02-05 08:08:50 - INFO - Task: N/A - Event: N/A - Role: System - Builds: [N/A]]: Library API and Database Schemas are ready.
[2026-02-05 08:10:15 - INFO - Task: N/A - Event: N/A - Role: System - Builds: [N/A]]: Applied migration for model: Task
[2026-02-05 08:10:17 - INFO - Task: N/A - Event: N/A - Role: System - Builds: [N/A]]: Applied migration for model: TaskEvent
[2026-02-05 08:10:19 - INFO - Task: N/A - Event: N/A - Role: System - Builds: [N/A]]: Applied migration for model: EventLog
[2026-02-05 08:11:11 - INFO - Task: N/A - Event: N/A - Role: System - Builds: [N/A]]: Applied migration for model: Task
[2026-02-05 08:11:13 - INFO - Task: N/A - Event: N/A - Role: System - Builds: [N/A]]: Applied migration for model: TaskEvent
[2026-02-05 08:11:15 - INFO - Task: N/A - Event: N/A - Role: System - Builds: [N/A]]: Applied migration for model: EventLog
[2026-02-05 08:11:17 - INFO - Task: N/A - Event: N/A - Role: System - Builds: [N/A]]: Applied migration for model: ScoreBoard
[2026-02-05 08:11:19 - INFO - Task: N/A - Event: N/A - Role: System - Builds: [N/A]]: Applied migration for model: Build
[2026-02-05 08:11:21 - INFO - Task: N/A - Event: N/A - Role: System - Builds: [N/A]]: Library API and Database Schemas are ready.
[2026-02-05 08:12:36 - INFO - Task: N/A - Event: N/A - Role: System - Builds: [N/A]]: Applied migration for model: Task
[2026-02-05 08:12:38 - INFO - Task: N/A - Event: N/A - Role: System - Builds: [N/A]]: Applied migration for model: TaskEvent
[2026-02-05 08:12:40 - INFO - Task: N/A - Event: N/A - Role: System - Builds: [N/A]]: Applied migration for model: EventLog
[2026-02-05 08:12:42 - INFO - Task: N/A - Event: N/A - Role: System - Builds: [N/A]]: Applied migration for model: ScoreBoard
[2026-02-05 08:12:44 - INFO - Task: N/A - Event: N/A - Role: System - Builds: [N/A]]: Applied migration for model: Build
[2026-02-05 08:12:46 - INFO - Task: N/A - Event: N/A - Role: System - Builds: [N/A]]: Library API and Database Schemas are ready.
[2026-02-05 08:15:15 - INFO - Task: N/A - Event: N/A - Role: System - Builds: [N/A]]: Library API and Database Schemas are ready.
[2026-02-05 08:16:09 - INFO - Task: N/A - Event: N/A - Role: System - Builds: [N/A]]: Library API and Database Schemas are ready.
[2026-02-05 08:17:47 - INFO - Task: N/A - Event: N/A - Role: System - Builds: [N/A]]: Library API and Database Schemas are ready.
[2026-02-05 08:19:13 - INFO - Task: N/A - Event: N/A - Role: System - Builds: [N/A]]: Library API and Database Schemas are ready.
[2026-02-07 09:45:17 - INFO - Task: N/A - Event: N/A - Role: System - Builds: [N/A]]: Library API and Database Schemas are ready.
[2026-02-07 10:02:21 - INFO - Task: N/A - Event: N/A - Role: System - Builds: [N/A]]: Library API and Database Schemas are ready.
[2026-02-07 10:02:30 - INFO - Task: N/A - Event: N/A - Role: System - Builds: [N/A]]: Library API and Database Schemas are ready.
[2026-02-07 10:05:58 - INFO - Task: N/A - Event: N/A - Role: System - Builds: [N/A]]: Library API and Database Schemas are ready.
[2026-02-07 10:07:37 - INFO - Task: N/A - Event: N/A - Role: System - Builds: [N/A]]: Library API and Database Schemas are ready.
[2026-02-07 10:09:46 - INFO - Task: N/A - Event: N/A - Role: System - Builds: [N/A]]: Library API and Database Schemas are ready.
[2026-02-07 10:11:19 - INFO - Task: N/A - Event: N/A - Role: System - Builds: [N/A]]: Library API and Database Schemas are ready.
[2026-02-07 10:12:31 - INFO - Task: N/A - Event: N/A - Role: System - Builds: [N/A]]: Library API and Database Schemas are ready.
[2026-02-07 10:13:38 - INFO - Task: N/A - Event: N/A - Role: System - Builds: [N/A]]: Library API and Database Schemas are ready.
[2026-02-07 10:14:25 - INFO - Task: N/A - Event: N/A - Role: System - Builds: [N/A]]: Library API and Database Schemas are ready.
[2026-02-07 10:15:58 - INFO - Task: N/A - Event: N/A - Role: System - Builds: [N/A]]: Library API and Database Schemas are ready.
[2026-02-07 10:17:59 - INFO - Task: N/A - Event: N/A - Role: System - Builds: [N/A]]: Library API and Database Schemas are ready.
[2026-02-07 10:26:21 - INFO - Task: N/A - Event: N/A - Role: System - Builds: [N/A]]: Library API and Database Schemas are ready.
[2026-02-07 10:31:25 - INFO - Task: N/A - Event: N/A - Role: System - Builds: [N/A]]: Library API and Database Schemas are ready.
[2026-02-07 10:33:54 - INFO - Task: N/A - Event: N/A - Role: System - Builds: [N/A]]: Library API and Database Schemas are ready.
[2026-02-07 10:38:21 - INFO - Task: N/A - Event: N/A - Role: System - Builds: [N/A]]: Library API and Database Schemas are ready.
[2026-02-07 10:40:47 - INFO - Task: N/A - Event: N/A - Role: System - Builds: [N/A]]: Library API and Database Schemas are ready.
[2026-02-07 10:44:58 - INFO - Task: N/A - Event: N/A - Role: System - Builds: [N/A]]: Library API and Database Schemas are ready.
[2026-02-07 10:45:44 - INFO - Task: N/A - Event: N/A - Role: System - Builds: [N/A]]: Library API and Database Schemas are ready.
[2026-02-07 10:49:13 - INFO - Task: N/A - Event: N/A - Role: System - Builds: [N/A]]: Library API and Database Schemas are ready.
[2026-02-07 10:51:30 - INFO - Task: N/A - Event: N/A - Role: System - Builds: [N/A]]: Library API and Database Schemas are ready.
[2026-02-07 10:52:27 - INFO - Task: N/A - Event: N/A - Role: System - Builds: [N/A]]: Library API and Database Schemas are ready.
[2026-02-07 10:53:23 - INFO - Task: N/A - Event: N/A - Role: System - Builds: [N/A]]: Library API and Database Schemas are ready.
[2026-02-07 11:05:21 - INFO - Task: N/A - Event: N/A - Role: System - Builds: [N/A]]: Library API and Database Schemas are ready.
[2026-02-07 11:21:58 - INFO - Task: N/A - Event: N/A - Role: System - Builds: [N/A]]: Library API and Database Schemas are ready.
[2026-02-07 11:26:34 - INFO - Task: N/A - Event: N/A - Role: System - Builds: [N/A]]: Library API and Database Schemas are ready.
[2026-02-07 11:29:12 - INFO - Task: N/A - Event: N/A - Role: System - Builds: [N/A]]: Library API and Database Schemas are ready.
[2026-02-07 11:42:55 - INFO - Task: N/A - Event: N/A - Role: System - Builds: [N/A]]: Library API and Database Schemas are ready.
[2026-02-07 11:43:54 - INFO - Task: N/A - Event: N/A - Role: System - Builds: [N/A]]: Library API and Database Schemas are ready.
[2026-02-07 11:44:37 - INFO - Task: N/A - Event: N/A - Role: System - Builds: [N/A]]: Library API and Database Schemas are ready.
[2026-02-07 11:45:02 - INFO - Task: N/A - Event: N/A - Role: System - Builds: [N/A]]: Library API and Database Schemas are ready.
[2026-02-07 11:45:12 - INFO - Task: N/A - Event: N/A - Role: System - Builds: [N/A]]: Library API and Database Schemas are ready.
[2026-02-07 11:45:32 - INFO - Task: N/A - Event: N/A - Role: System - Builds: [N/A]]: Library API and Database Schemas are ready.
[2026-02-07 11:45:43 - INFO - Task: N/A - Event: N/A - Role: System - Builds: [N/A]]: Library API and Database Schemas are ready.
[2026-02-07 11:46:04 - INFO - Task: N/A - Event: N/A - Role: System - Builds: [N/A]]: Library API and Database Schemas are ready.
[2026-02-07 11:48:11 - INFO - Task: N/A - Event: N/A - Role: System - Builds: [N/A]]: Library API and Database Schemas are ready.
[2026-02-07 11:53:25 - INFO - Task: N/A - Event: N/A - Role: System - Builds: [N/A]]: Library API and Database Schemas are ready.
[2026-02-07 11:57:26 - INFO - Task: N/A - Event: N/A - Role: System - Builds: [N/A]]: Library API and Database Schemas are ready.
[2026-02-07 12:01:01 - INFO - Task: N/A - Event: N/A - Role: System - Builds: [N/A]]: Library API and Database Schemas are ready.
[2026-02-07 12:03:28 - INFO - Task: N/A - Event: N/A - Role: System - Builds: [N/A]]: Library API and Database Schemas are ready.
[2026-02-07 12:04:03 - INFO - Task: N/A - Event: N/A - Role: System - Builds: [N/A]]: Library API and Database Schemas are ready.
[2026-02-07 12:07:14 - INFO - Task: N/A - Event: N/A - Role: System - Builds: [N/A]]: Library API and Database Schemas are ready.
[2026-02-07 12:17:26 - INFO - Task: N/A - Event: N/A - Role: System - Builds: [N/A]]: Library API and Database Schemas are ready.
[2026-02-07 12:18:02 - INFO - Task: N/A - Event: N/A - Role: System - Builds: [N/A]]: Library API and Database Schemas are ready.
[2026-02-07 12:21:28 - INFO - Task: N/A - Event: N/A - Role: System - Builds: [N/A]]: Library API and Database Schemas are ready.
[2026-02-07 12:23:27 - INFO - Task: N/A - Event: N/A - Role: System - Builds: [N/A]]: Library API and Database Schemas are ready.
[2026-02-07 14:24:31 - INFO - Task: N/A - Event: N/A - Role: System - Builds: [N/A]]: Library API and Database Schemas are ready.
[2026-02-07 14:26:57 - INFO - Task: N/A - Event: N/A - Role: System - Builds: [N/A]]: Library API and Database Schemas are ready.
[2026-02-07 14:28:07 - INFO - Task: N/A - Event: N/A - Role: System - Builds: [N/A]]: Library API and Database Schemas are ready.
[2026-02-07 14:30:08 - INFO - Task: N/A - Event: N/A - Role: System - Builds: [N/A]]: Library API and Database Schemas are ready.
[2026-02-07 14:31:38 - INFO - Task: N/A - Event: N/A - Role: System - Builds: [N/A]]: Library API and Database Schemas are ready.
[2026-02-07 14:32:45 - INFO - Task: N/A - Event: N/A - Role: System - Builds: [N/A]]: Library API and Database Schemas are ready.
[2026-02-07 14:36:51 - INFO - Task: N/A - Event: N/A - Role: System - Builds: [N/A]]: Library API and Database Schemas are ready.
[2026-02-07 14:38:29 - INFO - Task: N/A - Event: N/A - Role: System - Builds: [N/A]]: Library API and Database Schemas are ready.
[2026-02-07 15:13:36 - INFO - Task: N/A - Event: N/A - Role: System - Builds: [N/A]]: Library API and Database Schemas are ready.
[2026-02-07 17:16:48 - INFO - Task: N/A - Event: N/A - Role: System - Builds: [N/A]]: Library API and Database Schemas are ready.
[2026-02-07 17:17:38 - INFO - Task: N/A - Event: N/A - Role: System - Builds: [N/A]]: Library API and Database Schemas are ready.
[2026-02-07 19:45:46 - INFO - Task: N/A - Event: N/A - Role: System - Builds: [N/A]]: Library API and Database Schemas are ready.
[2026-02-07 19:48:13 - INFO - Task: N/A - Event: N/A - Role: System - Builds: [N/A]]: Library API and Database Schemas are ready.
[2026-02-07 19:50:57 - INFO - Task: N/A - Event: N/A - Role: System - Builds: [N/A]]: Library API and Database Schemas are ready.
[2026-02-07 19:57:25 - INFO - Task: N/A - Event: N/A - Role: System - Builds: [N/A]]: Library API and Database Schemas are ready.
[2026-02-07 19:57:49 - INFO - Task: N/A - Event: N/A - Role: System - Builds: [N/A]]: Library API and Database Schemas are ready.
[2026-02-07 20:04:19 - INFO - Task: N/A - Event: N/A - Role: System - Builds: [N/A]]: Library API and Database Schemas are ready.
[2026-02-07 20:05:47 - INFO - Task: N/A - Event: N/A - Role: System - Builds: [N/A]]: Library API and Database Schemas are ready.
[2026-02-07 20:11:03 - INFO - Task: N/A - Event: N/A - Role: System - Builds: [N/A]]: Library API and Database Schemas are ready.
[2026-02-07 20:12:16 - INFO - Task: N/A - Event: N/A - Role: System - Builds: [N/A]]: Library API and Database Schemas are ready.
[2026-02-08 07:25:10 - INFO - Task: N/A - Event: N/A - Role: System - Builds: [N/A]]: Library API and Database Schemas are ready.
[2026-02-08 07:33:41 - INFO - Task: N/A - Event: N/A - Role: System - Builds: [N/A]]: Library API and Database Schemas are ready.
[2026-02-08 07:41:02 - INFO - Task: N/A - Event: N/A - Role: System - Builds: [N/A]]: Library API and Database Schemas are ready.
[2026-02-08 10:01:33 - INFO - Task: N/A - Event: N/A - Role: System - Builds: [N/A]]: Library API and Database Schemas are ready.
[2026-02-08 10:06:25 - INFO - Task: N/A - Event: N/A - Role: System - Builds: [N/A]]: Library API and Database Schemas are ready.
[2026-02-08 10:09:42 - INFO - Task: N/A - Event: N/A - Role: System - Builds: [N/A]]: Library API and Database Schemas are ready.
[2026-02-08 10:10:11 - INFO - Task: N/A - Event: N/A - Role: System - Builds: [N/A]]: Library API and Database Schemas are ready.
[2026-02-08 10:10:21 - INFO - Task: N/A - Event: N/A - Role: System - Builds: [N/A]]: Library API and Database Schemas are ready.
[2026-02-08 10:11:22 - INFO - Task: N/A - Event: N/A - Role: System - Builds: [N/A]]: Library API and Database Schemas are ready.
[2026-02-08 10:11:42 - INFO - Task: N/A - Event: N/A - Role: System - Builds: [N/A]]: Library API and Database Schemas are ready.
[2026-02-08 10:33:35 - INFO - Task: N/A - Event: N/A - Role: System - Builds: [N/A]]: Library API and Database Schemas are ready.
[2026-02-08 10:45:02 - INFO - Task: N/A - Event: N/A - Role: System - Builds: [N/A]]: Library API and Database Schemas are ready.
[2026-02-08 10:48:39 - INFO - Task: N/A - Event: N/A - Role: System - Builds: [N/A]]: Library API and Database Schemas are ready.
[2026-02-08 10:53:15 - INFO - Task: N/A - Event: N/A - Role: System - Builds: [N/A]]: Library API and Database Schemas are ready.
[2026-02-08 11:18:31 - INFO - Task: N/A - Event: N/A - Role: System - Builds: [N/A]]: Library API and Database Schemas are ready.
[2026-02-08 11:21:00 - INFO - Task: N/A - Event: N/A - Role: System - Builds: [N/A]]: Library API and Database Schemas are ready.
[2026-02-08 11:22:25 - INFO - Task: N/A - Event: N/A - Role: System - Builds: [N/A]]: Library API and Database Schemas are ready.
[2026-02-08 11:26:01 - INFO - Task: N/A - Event: N/A - Role: System - Builds: [N/A]]: Library API and Database Schemas are ready.
[2026-02-08 11:31:16 - INFO - Task: N/A - Event: N/A - Role: System - Builds: [N/A]]: Library API and Database Schemas are ready.
[2026-02-08 11:32:36 - INFO - Task: N/A - Event: N/A - Role: System - Builds: [N/A]]: Library API and Database Schemas are ready.
[2026-02-08 11:33:38 - INFO - Task: N/A - Event: N/A - Role: System - Builds: [N/A]]: Library API and Database Schemas are ready.
[2026-02-08 13:04:10 - INFO - Task: N/A - Event: N/A - Role: System - Builds: [N/A]]: Library API and Database Schemas are ready.
[2026-02-08 13:53:05 - INFO - Task: N/A - Event: N/A - Role: System - Builds: [N/A]]: Library API and Database Schemas are ready.
[2026-02-08 13:54:19 - INFO - Task: N/A - Event: N/A - Role: System - Builds: [N/A]]: Library API and Database Schemas are ready.
[2026-02-08 13:56:49 - INFO - Task: N/A - Event: N/A - Role: System - Builds: [N/A]]: Library API and Database Schemas are ready.
[2026-02-08 14:04:40 - INFO - Task: N/A - Event: N/A - Role: System - Builds: [N/A]]: Library API and Database Schemas are ready.
[2026-02-08 14:16:22 - INFO - Task: N/A - Event: N/A - Role: System - Builds: [N/A]]: Library API and Database Schemas are ready.
[2026-02-08 14:18:35 - INFO - Task: N/A - Event: N/A - Role: System - Builds: [N/A]]: Library API and Database Schemas are ready.
[2026-02-08 14:18:58 - INFO - Task: N/A - Event: N/A - Role: System - Builds: [N/A]]: Library API and Database Schemas are ready.
[2026-02-08 14:20:34 - INFO - Task: N/A - Event: N/A - Role: System - Builds: [N/A]]: Library API and Database Schemas are ready.
[2026-02-08 14:21:08 - INFO - Task: N/A - Event: N/A - Role: System - Builds: [N/A]]: Library API and Database Schemas are ready.
[2026-02-08 14:21:31 - INFO - Task: N/A - Event: N/A - Role: System - Builds: [N/A]]: Library API and Database Schemas are ready.
[2026-02-08 14:23:11 - INFO - Task: N/A - Event: N/A - Role: System - Builds: [N/A]]: Library API and Database Schemas are ready.
[2026-02-08 14:24:17 - INFO - Task: N/A - Event: N/A - Role: System - Builds: [N/A]]: Library API and Database Schemas are ready.
[2026-02-08 14:25:17 - INFO - Task: N/A - Event: N/A - Role: System - Builds: [N/A]]: Library API and Database Schemas are ready.
[2026-02-08 15:19:23 - INFO - Task: N/A - Event: N/A - Role: System - Builds: [N/A]]: Library API and Database Schemas are ready.
[2026-02-08 15:24:10 - INFO - Task: N/A - Event: N/A - Role: System - Builds: [N/A]]: Library API and Database Schemas are ready.
[2026-02-08 15:31:38 - INFO - Task: N/A - Event: N/A - Role: System - Builds: [N/A]]: Library API and Database Schemas are ready.
[2026-02-08 15:33:20 - INFO - Task: N/A - Event: N/A - Role: System - Builds: [N/A]]: Library API and Database Schemas are ready.
[2026-02-08 15:34:27 - INFO - Task: N/A - Event: N/A - Role: System - Builds: [N/A]]: Library API and Database Schemas are ready.
[2026-02-08 15:34:57 - INFO - Task: N/A - Event: N/A - Role: System - Builds: [N/A]]: Library API and Database Schemas are ready.
[2026-02-08 15:35:34 - INFO - Task: N/A - Event: N/A - Role: System - Builds: [N/A]]: Library API and Database Schemas are ready.
[2026-02-08 15:37:01 - INFO - Task: N/A - Event: N/A - Role: System - Builds: [N/A]]: Library API and Database Schemas are ready.
[2026-02-08 15:37:45 - INFO - Task: N/A - Event: N/A - Role: System - Builds: [N/A]]: Library API and Database Schemas are ready.
[2026-02-08 15:39:28 - INFO - Task: N/A - Event: N/A - Role: System - Builds: [N/A]]: Library API and Database Schemas are ready.
[2026-02-08 15:40:22 - INFO - Task: N/A - Event: N/A - Role: System - Builds: [N/A]]: Library API and Database Schemas are ready.
[2026-02-08 15:40:47 - INFO - Task: N/A - Event: N/A - Role: System - Builds: [N/A]]: Library API and Database Schemas are ready.
[2026-02-08 15:41:13 - INFO - Task: N/A - Event: N/A - Role: System - Builds: [N/A]]: Library API and Database Schemas are ready.
[2026-02-08 15:42:04 - INFO - Task: N/A - Event: N/A - Role: System - Builds: [N/A]]: Library API and Database Schemas are ready.
[2026-02-08 15:43:41 - INFO - Task: N/A - Event: N/A - Role: System - Builds: [N/A]]: Library API and Database Schemas are ready.
[2026-02-08 15:45:56 - INFO - Task: N/A - Event: N/A - Role: System - Builds: [N/A]]: Library API and Database Schemas are ready.
[2026-02-08 16:22:10 - INFO - Task: N/A - Event: N/A - Role: System - Builds: [N/A]]: Library API and Database Schemas are ready.
[2026-02-08 16:24:46 - INFO - Task: N/A - Event: N/A - Role: System - Builds: [N/A]]: Library API and Database Schemas are ready.
[2026-02-08 16:25:20 - INFO - Task: N/A - Event: N/A - Role: System - Builds: [N/A]]: Library API and Database Schemas are ready.
[2026-02-08 16:36:32 - INFO - Task: N/A - Event: N/A - Role: System - Builds: [N/A]]: Library API and Database Schemas are ready.
[2026-02-08 16:38:45 - INFO - Task: N/A - Event: N/A - Role: System - Builds: [N/A]]: Library API and Database Schemas are ready.
[2026-02-08 16:40:45 - INFO - Task: N/A - Event: N/A - Role: System - Builds: [N/A]]: Library API and Database Schemas are ready.
[2026-02-08 16:48:14 - INFO - Task: N/A - Event: N/A - Role: System - Builds: [N/A]]: Library API and Database Schemas are ready.
[2026-02-08 16:51:08 - INFO - Task: N/A - Event: N/A - Role: System - Builds: [N/A]]: Library API and Database Schemas are ready.
[2026-02-08 16:51:38 - INFO - Task: N/A - Event: N/A - Role: System - Builds: [N/A]]: Library API and Database Schemas are ready.
[2026-02-08 16:51:59 - INFO - Task: N/A - Event: N/A - Role: System - Builds: [N/A]]: Library API and Database Schemas are ready.
[2026-02-08 16:52:51 - INFO - Task: N/A - Event: N/A - Role: System - Builds: [N/A]]: Library API and Database Schemas are ready.
[2026-02-08 16:54:00 - INFO - Task: N/A - Event: N/A - Role: System - Builds: [N/A]]: Library API and Database Schemas are ready.
[2026-02-08 16:55:08 - INFO - Task: N/A - Event: N/A - Role: System - Builds: [N/A]]: Library API and Database Schemas are ready.
[2026-02-08 16:55:23 - INFO - Task: N/A - Event: N/A - Role: System - Builds: [N/A]]: Library API and Database Schemas are ready.
[2026-02-08 16:58:19 - INFO - Task: N/A - Event: N/A - Role: System - Builds: [N/A]]: Library API and Database Schemas are ready.
[2026-02-08 16:58:58 - INFO - Task: N/A - Event: N/A - Role: System - Builds: [N/A]]: Library API and Database Schemas are ready.
[2026-02-08 16:59:31 - INFO - Task: N/A - Event: N/A - Role: System - Builds: [N/A]]: Library API and Database Schemas are ready.
[2026-02-08 16:59:48 - INFO - Task: N/A - Event: N/A - Role: System - Builds: [N/A]]: Library API and Database Schemas are ready.
[2026-02-08 17:00:25 - INFO - Task: N/A - Event: N/A - Role: System - Builds: [N/A]]: Library API and Database Schemas are ready.
[2026-02-08 17:01:26 - INFO - Task: N/A - Event: N/A - Role: System - Builds: [N/A]]: Library API and Database Schemas are ready.
[2026-02-08 17:01:59 - INFO - Task: N/A - Event: N/A - Role: System - Builds: [N/A]]: Library API and Database Schemas are ready.
[2026-02-08 17:03:30 - INFO - Task: N/A - Event: N/A - Role: System - Builds: [N/A]]: Library API and Database Schemas are ready.
[2026-02-08 17:04:26 - INFO - Task: N/A - Event: N/A - Role: System - Builds: [N/A]]: Library API and Database Schemas are ready.
[2026-02-08 17:05:16 - INFO - Task: N/A - Event: N/A - Role: System - Builds: [N/A]]: Library API and Database Schemas are ready.
[2026-02-08 17:07:03 - INFO - Task: N/A - Event: N/A - Role: System - Builds: [N/A]]: Library API and Database Schemas are ready.
[2026-02-08 17:09:49 - INFO - Task: N/A - Event: N/A - Role: System - Builds: [N/A]]: Library API and Database Schemas are ready.
[2026-02-08 17:10:54 - INFO - Task: N/A - Event: N/A - Role: System - Builds: [N/A]]: Library API and Database Schemas are ready.
[2026-02-13 06:48:58 - INFO - Task: N/A - Event: N/A - Role: System - Builds: [N/A]]: Library API and Database Schemas are ready.
[2026-02-13 06:49:00 - INFO - Task: N/A - Event: N/A - Role: System - Builds: [N/A]]: Library API and Database Schemas are ready.
[2026-02-14 05:56:37 - INFO - Task: N/A - Event: N/A - Role: System - Builds: [N/A]]: Library API and Database Schemas are ready.
[2026-02-14 09:13:36 - INFO - Task: N/A - Event: N/A - Role: System - Builds: [N/A]]: Library API and Database Schemas are ready.
[2026-02-14 09:15:07 - INFO - Task: N/A - Event: N/A - Role: System - Builds: [N/A]]: Library API and Database Schemas are ready.
[2026-02-14 09:15:49 - INFO - Task: N/A - Event: N/A - Role: System - Builds: [N/A]]: Library API and Database Schemas are ready.
[2026-02-14 09:25:07 - INFO - Task: N/A - Event: N/A - Role: System - Builds: [N/A]]: Library API and Database Schemas are ready.
[2026-02-14 09:27:53 - INFO - Task: N/A - Event: N/A - Role: System - Builds: [N/A]]: Library API and Database Schemas are ready.
[2026-02-14 09:29:01 - INFO - Task: N/A - Event: N/A - Role: System - Builds: [N/A]]: Library API and Database Schemas are ready.
[2026-02-14 09:30:29 - INFO - Task: N/A - Event: N/A - Role: System - Builds: [N/A]]: Library API and Database Schemas are ready.
[2026-02-14 09:34:42 - INFO - Task: N/A - Event: N/A - Role: System - Builds: [N/A]]: Library API and Database Schemas are ready.
[2026-02-14 09:36:20 - INFO - Task: N/A - Event: N/A - Role: System - Builds: [N/A]]: Library API and Database Schemas are ready.
[2026-02-14 09:37:21 - INFO - Task: N/A - Event: N/A - Role: System - Builds: [N/A]]: Library API and Database Schemas are ready.
[2026-02-14 09:42:26 - INFO - Task: N/A - Event: N/A - Role: System - Builds: [N/A]]: Library API and Database Schemas are ready.
[2026-02-14 09:43:20 - INFO - Task: N/A - Event: N/A - Role: System - Builds: [N/A]]: Library API and Database Schemas are ready.
[2026-02-14 09:43:42 - INFO - Task: N/A - Event: N/A - Role: System - Builds: [N/A]]: Library API and Database Schemas are ready.
[2026-02-14 09:44:05 - INFO - Task: N/A - Event: N/A - Role: System - Builds: [N/A]]: Library API and Database Schemas are ready.
[2026-02-14 09:44:38 - INFO - Task: N/A - Event: N/A - Role: System - Builds: [N/A]]: Library API and Database Schemas are ready.
[2026-02-14 09:45:35 - INFO - Task: N/A - Event: N/A - Role: System - Builds: [N/A]]: Library API and Database Schemas are ready.
[2026-02-14 09:46:47 - INFO - Task: N/A - Event: N/A - Role: System - Builds: [N/A]]: Library API and Database Schemas are ready.
[2026-02-14 09:47:09 - INFO - Task: N/A - Event: N/A - Role: System - Builds: [N/A]]: Library API and Database Schemas are ready.
[2026-02-14 09:47:31 - INFO - Task: N/A - Event: N/A - Role: System - Builds: [N/A]]: Library API and Database Schemas are ready.
[2026-02-14 09:47:48 - INFO - Task: N/A - Event: N/A - Role: System - Builds: [N/A]]: Library API and Database Schemas are ready.
[2026-02-14 09:48:11 - INFO - Task: N/A - Event: N/A - Role: System - Builds: [N/A]]: Library API and Database Schemas are ready.
[2026-02-14 09:48:27 - INFO - Task: N/A - Event: N/A - Role: System - Builds: [N/A]]: Library API and Database Schemas are ready.
[2026-02-14 09:49:09 - INFO - Task: N/A - Event: N/A - Role: System - Builds: [N/A]]: Library API and Database Schemas are ready.
[2026-02-14 09:49:37 - INFO - Task: N/A - Event: N/A - Role: System - Builds: [N/A]]: Library API and Database Schemas are ready.
[2026-02-14 09:49:59 - INFO - Task: N/A - Event: N/A - Role: System - Builds: [N/A]]: Library API and Database Schemas are ready.
[2026-02-14 09:50:19 - INFO - Task: N/A - Event: N/A - Role: System - Builds: [N/A]]: Library API and Database Schemas are ready.
[2026-02-14 09:50:37 - INFO - Task: N/A - Event: N/A - Role: System - Builds: [N/A]]: Library API and Database Schemas are ready.
[2026-02-14 09:50:48 - INFO - Task: N/A - Event: N/A - Role: System - Builds: [N/A]]: Library API and Database Schemas are ready.
[2026-02-14 09:51:28 - INFO - Task: N/A - Event: N/A - Role: System - Builds: [N/A]]: Library API and Database Schemas are ready.
[2026-02-14 09:52:33 - INFO - Task: N/A - Event: N/A - Role: System - Builds: [N/A]]: Library API and Database Schemas are ready.
[2026-02-14 09:52:45 - INFO - Task: N/A - Event: N/A - Role: System - Builds: [N/A]]: Library API and Database Schemas are ready.
[2026-02-14 09:52:58 - INFO - Task: N/A - Event: N/A - Role: System - Builds: [N/A]]: Library API and Database Schemas are ready.
[2026-02-14 09:53:45 - INFO - Task: N/A - Event: N/A - Role: System - Builds: [N/A]]: Library API and Database Schemas are ready.
[2026-02-14 09:54:01 - INFO - Task: N/A - Event: N/A - Role: System - Builds: [N/A]]: Library API and Database Schemas are ready.
[2026-02-14 10:04:04 - INFO - Task: N/A - Event: N/A - Role: System - Builds: [N/A]]: Library API and Database Schemas are ready.
[2026-02-14 10:11:40 - INFO - Task: N/A - Event: N/A - Role: System - Builds: [N/A]]: Library API and Database Schemas are ready.
[2026-02-14 10:15:38 - INFO - Task: N/A - Event: N/A - Role: System - Builds: [N/A]]: Library API and Database Schemas are ready.
[2026-02-14 10:17:41 - INFO - Task: N/A - Event: N/A - Role: System - Builds: [N/A]]: Library API and Database Schemas are ready.
[2026-02-14 10:18:06 - INFO - Task: N/A - Event: N/A - Role: System - Builds: [N/A]]: Library API and Database Schemas are ready.
[2026-02-14 10:21:49 - INFO - Task: N/A - Event: N/A - Role: System - Builds: [N/A]]: Library API and Database Schemas are ready.
[2026-02-14 12:49:31 - INFO - Task: N/A - Event: N/A - Role: System - Builds: [N/A]]: Library API and Database Schemas are ready.
[2026-02-14 12:52:06 - INFO - Task: N/A - Event: N/A - Role: System - Builds: [N/A]]: Library API and Database Schemas are ready.
[2026-02-14 12:55:34 - INFO - Task: N/A - Event: N/A - Role: System - Builds: [N/A]]: Library API and Database Schemas are ready.
[2026-02-14 12:57:05 - INFO - Task: N/A - Event: N/A - Role: System - Builds: [N/A]]: Library API and Database Schemas are ready.
[2026-02-14 12:58:30 - INFO - Task: N/A - Event: N/A - Role: System - Builds: [N/A]]: Library API and Database Schemas are ready.
[2026-02-14 12:58:53 - INFO - Task: N/A - Event: N/A - Role: System - Builds: [N/A]]: Library API and Database Schemas are ready.
[2026-02-14 12:59:31 - INFO - Task: N/A - Event: N/A - Role: System - Builds: [N/A]]: Library API and Database Schemas are ready.
[2026-02-14 13:03:52 - INFO - Task: N/A - Event: N/A - Role: System - Builds: [N/A]]: Library API and Database Schemas are ready.
[2026-02-14 13:06:24 - INFO - Task: N/A - Event: N/A - Role: System - Builds: [N/A]]: Library API and Database Schemas are ready.
[2026-02-14 13:06:50 - INFO - Task: N/A - Event: N/A - Role: System - Builds: [N/A]]: Library API and Database Schemas are ready.
[2026-02-14 13:07:21 - INFO - Task: N/A - Event: N/A - Role: System - Builds: [N/A]]: Library API and Database Schemas are ready.
[2026-02-14 13:07:44 - INFO - Task: N/A - Event: N/A - Role: System - Builds: [N/A]]: Library API and Database Schemas are ready.
[2026-02-14 13:08:29 - INFO - Task: N/A - Event: N/A - Role: System - Builds: [N/A]]: Library API and Database Schemas are ready.
[2026-02-14 13:09:57 - INFO - Task: N/A - Event: N/A - Role: System - Builds: [N/A]]: Library API and Database Schemas are ready.
[2026-02-14 13:12:19 - INFO - Task: N/A - Event: N/A - Role: System - Builds: [N/A]]: Library API and Database Schemas are ready.
[2026-02-14 13:12:48 - INFO - Task: N/A - Event: N/A - Role: System - Builds: [N/A]]: Library API and Database Schemas are ready.
[2026-02-14 13:14:33 - INFO - Task: N/A - Event: N/A - Role: System - Builds: [N/A]]: Library API and Database Schemas are ready.
[2026-02-14 13:22:17 - INFO - Task: N/A - Event: N/A - Role: System - Builds: [N/A]]: Library API and Database Schemas are ready.
[2026-02-14 13:26:48 - INFO - Task: N/A - Event: N/A - Role: System - Builds: [N/A]]: Library API and Database Schemas are ready.
[2026-02-14 13:28:49 - INFO - Task: N/A - Event: N/A - Role: System - Builds: [N/A]]: Library API and Database Schemas are ready.
[2026-02-14 13:35:45 - INFO - Task: N/A - Event: N/A - Role: System - Builds: [N/A]]: Library API and Database Schemas are ready.
[2026-02-14 13:37:49 - INFO - Task: N/A - Event: N/A - Role: System - Builds: [N/A]]: Library API and Database Schemas are ready.
[2026-02-14 13:44:27 - INFO - Task: N/A - Event: N/A - Role: System - Builds: [N/A]]: Library API and Database Schemas are ready.
[2026-02-14 13:55:40 - INFO - Task: N/A - Event: N/A - Role: System - Builds: [N/A]]: Library API and Database Schemas are ready.
[2026-02-14 13:56:09 - INFO - Task: N/A - Event: N/A - Role: System - Builds: [N/A]]: Library API and Database Schemas are ready.
[2026-02-14 13:56:24 - INFO - Task: N/A - Event: N/A - Role: System - Builds: [N/A]]: Library API and Database Schemas are ready.
[2026-02-14 15:40:43 - INFO - Task: N/A - Event: N/A - Role: System - Builds: [N/A]]: Library API and Database Schemas are ready.
[2026-02-14 15:50:35 - INFO - Task: N/A - Event: N/A - Role: System - Builds: [N/A]]: Library API and Database Schemas are ready.
[2026-02-14 15:51:32 - INFO - Task: N/A - Event: N/A - Role: System - Builds: [N/A]]: Library API and Database Schemas are ready.
[2026-02-14 15:56:44 - INFO - Task: N/A - Event: N/A - Role: System - Builds: [N/A]]: Library API and Database Schemas are ready.
[2026-02-14 17:21:27 - INFO - Task: N/A - Event: N/A - Role: System - Builds: [N/A]]: Library API and Database Schemas are ready.
[2026-02-14 17:24:41 - INFO - Task: N/A - Event: N/A - Role: System - Builds: [N/A]]: Library API and Database Schemas are ready.
[2026-02-14 17:50:08 - INFO - Task: N/A - Event: N/A - Role: N/A - Builds: [N/A]]: Library API and Database Schemas are ready.
[2026-02-14 17:51:22 - INFO - Task: N/A - Event: N/A - Role: N/A - Builds: [N/A]]: Library API and Database Schemas are ready.
[2026-02-14 17:54:28 - INFO - Task: N/A - Event: N/A - Role: N/A - Builds: [N/A]]: Library API and Database Schemas are ready.
[2026-02-14 18:03:45 - INFO - Task: N/A - Event: N/A - Role: N/A - Builds: [N/A]]: Library API and Database Schemas are ready.
[2026-02-14 18:08:30 - INFO - Task: N/A - Event: N/A - Role: N/A - Builds: [N/A]]: Library API and Database Schemas are ready.
[2026-02-14 18:10:10 - INFO - Task: N/A - Event: N/A - Role: N/A - Builds: [N/A]]: Library API and Database Schemas are ready.
[2026-02-14 18:11:07 - INFO - Task: N/A - Event: N/A - Role: N/A - Builds: [N/A]]: Library API and Database Schemas are ready.
[2026-02-14 18:13:46 - INFO - Task: N/A - Event: N/A - Role: N/A - Builds: [N/A]]: Library API and Database Schemas are ready.
[2026-02-18 07:28:40 - INFO - Task: N/A - Event: N/A - Role: N/A - Builds: [N/A]]: Library API and Database Schemas are ready.
[2026-02-21 16:21:27 - INFO - Task: N/A - Event: N/A - Role: N/A - Builds: [N/A]]: Library API and Database Schemas are ready.
[2026-02-21 16:21:40 - INFO - Task: N/A - Event: N/A - Role: N/A - Builds: [N/A]]: Library API and Database Schemas are ready.
[2026-02-21 16:21:49 - INFO - Task: N/A - Event: N/A - Role: N/A - Builds: [N/A]]: Library API and Database Schemas are ready.
[2026-02-21 16:22:01 - INFO - Task: N/A - Event: N/A - Role: N/A - Builds: [N/A]]: Library API and Database Schemas are ready.
[2026-02-21 16:26:40 - INFO - Task: N/A - Event: N/A - Role: N/A - Builds: [N/A]]: Library API and Database Schemas are ready.
[2026-02-21 16:26:59 - INFO - Task: N/A - Event: N/A - Role: N/A - Builds: [N/A]]: Library API and Database Schemas are ready.
[2026-02-21 16:37:58 - INFO - Task: N/A - Event: N/A - Role: N/A - Builds: [N/A]]: Library API and Database Schemas are ready.
[2026-02-21 16:38:12 - INFO - Task: N/A - Event: N/A - Role: N/A - Builds: [N/A]]: Library API and Database Schemas are ready.
[2026-02-21 16:38:59 - INFO - Task: N/A - Event: N/A - Role: N/A - Builds: [N/A]]: Vector Database initialized at /home/hackmnin/private/UunaWantSomething/Data/knowledge/role_memory.duckdb
[2026-02-21 16:39:11 - INFO - Task: N/A - Event: N/A - Role: N/A - Builds: [N/A]]: Vector Database initialized at /home/hackmnin/private/UunaWantSomething/Data/knowledge/role_memory.duckdb
[2026-02-21 16:46:58 - INFO - Task: N/A - Event: N/A - Role: N/A - Builds: [N/A]]: Library API and Database Schemas are ready.
[2026-02-21 16:47:12 - INFO - Task: N/A - Event: N/A - Role: N/A - Builds: [N/A]]: Library API and Database Schemas are ready.
[2026-02-21 16:47:39 - INFO - Task: N/A - Event: N/A - Role: N/A - Builds: [N/A]]: Vector Database initialized at /home/hackmnin/private/UunaWantSomething/Data/knowledge/role_memory.duckdb
[2026-02-21 16:47:53 - INFO - Task: N/A - Event: N/A - Role: N/A - Builds: [N/A]]: Vector Database initialized at /home/hackmnin/private/UunaWantSomething/Data/knowledge/role_memory.duckdb
[2026-02-21 16:49:27 - INFO - Task: N/A - Event: N/A - Role: N/A - Builds: [N/A]]: Library API and Database Schemas are ready.
[2026-02-21 16:49:39 - INFO - Task: N/A - Event: N/A - Role: N/A - Builds: [N/A]]: Library API and Database Schemas are ready.
[2026-02-21 16:50:14 - INFO - Task: N/A - Event: N/A - Role: N/A - Builds: [N/A]]: Vector Database initialized at /home/hackmnin/private/UunaWantSomething/Data/knowledge/role_memory.duckdb
[2026-02-21 16:50:27 - INFO - Task: N/A - Event: N/A - Role: N/A - Builds: [N/A]]: Vector Database initialized at /home/hackmnin/private/UunaWantSomething/Data/knowledge/role_memory.duckdb
[2026-02-21 17:40:25 - INFO - Task: N/A - Event: N/A - Role: N/A - Builds: [N/A]]: Library API and Database Schemas are ready.
[2026-02-21 17:40:40 - INFO - Task: N/A - Event: N/A - Role: N/A - Builds: [N/A]]: Library API and Database Schemas are ready.
[2026-02-21 17:40:50 - INFO - Task: N/A - Event: N/A - Role: N/A - Builds: [N/A]]: Vector Database initialized at /home/hackmnin/private/UunaWantSomething/Data/knowledge/role_memory.duckdb
[2026-02-21 17:41:05 - INFO - Task: N/A - Event: N/A - Role: N/A - Builds: [N/A]]: Vector Database initialized at /home/hackmnin/private/UunaWantSomething/Data/knowledge/role_memory.duckdb
[2026-02-21 17:42:51 - INFO - Task: N/A - Event: N/A - Role: N/A - Builds: [N/A]]: Library API and Database Schemas are ready.
[2026-02-21 17:43:05 - INFO - Task: N/A - Event: N/A - Role: N/A - Builds: [N/A]]: Library API and Database Schemas are ready.
[2026-02-21 17:43:36 - INFO - Task: N/A - Event: N/A - Role: N/A - Builds: [N/A]]: Vector Database initialized at /home/hackmnin/private/UunaWantSomething/Data/knowledge/role_memory.duckdb
[2026-02-21 17:43:53 - INFO - Task: N/A - Event: N/A - Role: N/A - Builds: [N/A]]: Vector Database initialized at /home/hackmnin/private/UunaWantSomething/Data/knowledge/role_memory.duckdb
[2026-02-21 17:45:01 - INFO - Task: N/A - Event: N/A - Role: N/A - Builds: [N/A]]: Vector Database initialized at /home/hackmnin/private/UunaWantSomething/Data/knowledge/role_memory.duckdb
[2026-02-21 17:45:16 - INFO - Task: N/A - Event: N/A - Role: N/A - Builds: [N/A]]: Vector Database initialized at /home/hackmnin/private/UunaWantSomething/Data/knowledge/role_memory.duckdb
[2026-02-21 17:46:17 - INFO - Task: N/A - Event: N/A - Role: N/A - Builds: [N/A]]: Vector Database initialized at /home/hackmnin/private/UunaWantSomething/Data/knowledge/role_memory.duckdb
[2026-02-21 17:46:30 - INFO - Task: N/A - Event: N/A - Role: N/A - Builds: [N/A]]: Vector Database initialized at /home/hackmnin/private/UunaWantSomething/Data/knowledge/role_memory.duckdb
[2026-02-21 17:46:44 - INFO - Task: N/A - Event: N/A - Role: N/A - Builds: [N/A]]: Vector Database initialized at /home/hackmnin/private/UunaWantSomething/Data/knowledge/role_memory.duckdb
[2026-02-21 17:46:59 - INFO - Task: N/A - Event: N/A - Role: N/A - Builds: [N/A]]: Vector Database initialized at /home/hackmnin/private/UunaWantSomething/Data/knowledge/role_memory.duckdb
[2026-02-21 17:50:03 - INFO - Task: N/A - Event: N/A - Role: N/A - Builds: [N/A]]: Library API and Database Schemas are ready.
[2026-02-21 17:50:17 - INFO - Task: N/A - Event: N/A - Role: N/A - Builds: [N/A]]: Library API and Database Schemas are ready.
[2026-02-21 17:50:53 - INFO - Task: N/A - Event: N/A - Role: N/A - Builds: [N/A]]: Vector Database initialized at /home/hackmnin/private/UunaWantSomething/Data/knowledge/role_memory.duckdb
[2026-02-21 17:51:10 - INFO - Task: N/A - Event: N/A - Role: N/A - Builds: [N/A]]: Vector Database initialized at /home/hackmnin/private/UunaWantSomething/Data/knowledge/role_memory.duckdb
[2026-02-21 17:51:33 - INFO - Task: N/A - Event: N/A - Role: N/A - Builds: [N/A]]: Vector Database initialized at /home/hackmnin/private/UunaWantSomething/Data/knowledge/role_memory.duckdb
[2026-02-21 17:51:48 - INFO - Task: N/A - Event: N/A - Role: N/A - Builds: [N/A]]: Vector Database initialized at /home/hackmnin/private/UunaWantSomething/Data/knowledge/role_memory.duckdb
[2026-02-21 17:52:09 - INFO - Task: N/A - Event: N/A - Role: N/A - Builds: [N/A]]: Vector Database initialized at /home/hackmnin/private/UunaWantSomething/Data/knowledge/role_memory.duckdb
[2026-02-21 17:59:20 - ERROR - Task: N/A - Event: N/A - Role: N/A - Builds: [N/A]]: AI Call failed for role '0.1': ('Connection aborted.', RemoteDisconnected('Remote end closed connection without response'))
[2026-02-21 17:59:20 - ERROR - Task: N/A - Event: N/A - Role: N/A - Builds: [N/A]]: AI Call failed for role '0.1': HTTPConnectionPool(host='localhost', port=11434): Max retries exceeded with url: /api/chat (Caused by NewConnectionError("HTTPConnection(host='localhost', port=11434): Failed to establish a new connection: [Errno 111] Connection refused"))
[2026-02-21 17:59:20 - ERROR - Task: N/A - Event: N/A - Role: N/A - Builds: [N/A]]: AI Call failed for role '0.1': HTTPConnectionPool(host='localhost', port=11434): Max retries exceeded with url: /api/chat (Caused by NewConnectionError("HTTPConnection(host='localhost', port=11434): Failed to establish a new connection: [Errno 111] Connection refused"))
[2026-02-21 17:59:20 - ERROR - Task: N/A - Event: N/A - Role: N/A - Builds: [N/A]]: AI Call failed for role '0.1': HTTPConnectionPool(host='localhost', port=11434): Max retries exceeded with url: /api/chat (Caused by NewConnectionError("HTTPConnection(host='localhost', port=11434): Failed to establish a new connection: [Errno 111] Connection refused"))
[2026-02-21 18:01:16 - INFO - Task: N/A - Event: N/A - Role: N/A - Builds: [N/A]]: Library API and Database Schemas are ready.
[2026-02-21 18:01:29 - INFO - Task: N/A - Event: N/A - Role: N/A - Builds: [N/A]]: Library API and Database Schemas are ready.
[2026-02-21 18:01:49 - INFO - Task: N/A - Event: N/A - Role: N/A - Builds: [N/A]]: Vector Database initialized at /home/hackmnin/private/UunaWantSomething/Data/knowledge/role_memory.duckdb
[2026-02-21 18:02:03 - INFO - Task: N/A - Event: N/A - Role: N/A - Builds: [N/A]]: Vector Database initialized at /home/hackmnin/private/UunaWantSomething/Data/knowledge/role_memory.duckdb
[2026-02-21 18:02:17 - INFO - Task: N/A - Event: N/A - Role: N/A - Builds: [N/A]]: Vector Database initialized at /home/hackmnin/private/UunaWantSomething/Data/knowledge/role_memory.duckdb
[2026-02-21 18:02:28 - INFO - Task: N/A - Event: N/A - Role: N/A - Builds: [N/A]]: Vector Database initialized at /home/hackmnin/private/UunaWantSomething/Data/knowledge/role_memory.duckdb
[2026-02-21 18:02:54 - INFO - Task: N/A - Event: N/A - Role: N/A - Builds: [N/A]]: Vector Database initialized at /home/hackmnin/private/UunaWantSomething/Data/knowledge/role_memory.duckdb
[2026-02-21 18:03:33 - INFO - Task: N/A - Event: N/A - Role: N/A - Builds: [N/A]]: Vector Database initialized at /home/hackmnin/private/UunaWantSomething/Data/knowledge/role_memory.duckdb
[2026-02-21 18:03:48 - INFO - Task: N/A - Event: N/A - Role: N/A - Builds: [N/A]]: Vector Database initialized at /home/hackmnin/private/UunaWantSomething/Data/knowledge/role_memory.duckdb
[2026-02-21 18:04:13 - INFO - Task: N/A - Event: N/A - Role: N/A - Builds: [N/A]]: Vector Database initialized at /home/hackmnin/private/UunaWantSomething/Data/knowledge/role_memory.duckdb
[2026-02-21 18:07:28 - INFO - Task: N/A - Event: N/A - Role: N/A - Builds: [N/A]]: Library API and Database Schemas are ready.
[2026-02-21 18:07:36 - INFO - Task: N/A - Event: N/A - Role: N/A - Builds: [N/A]]: Library API and Database Schemas are ready.
[2026-02-21 18:07:50 - INFO - Task: N/A - Event: N/A - Role: N/A - Builds: [N/A]]: Library API and Database Schemas are ready.
[2026-02-21 18:07:57 - INFO - Task: N/A - Event: N/A - Role: N/A - Builds: [N/A]]: Library API and Database Schemas are ready.
[2026-02-21 18:08:32 - INFO - Task: N/A - Event: N/A - Role: N/A - Builds: [N/A]]: Vector Database initialized at /home/hackmnin/private/UunaWantSomething/Data/knowledge/role_memory.duckdb
[2026-02-21 18:08:44 - INFO - Task: N/A - Event: N/A - Role: N/A - Builds: [N/A]]: Vector Database initialized at /home/hackmnin/private/UunaWantSomething/Data/knowledge/role_memory.duckdb
[2026-02-21 18:09:07 - INFO - Task: N/A - Event: N/A - Role: N/A - Builds: [N/A]]: Vector Database initialized at /home/hackmnin/private/UunaWantSomething/Data/knowledge/role_memory.duckdb
[2026-02-21 18:09:19 - INFO - Task: N/A - Event: N/A - Role: N/A - Builds: [N/A]]: Vector Database initialized at /home/hackmnin/private/UunaWantSomething/Data/knowledge/role_memory.duckdb
[2026-02-21 18:09:34 - INFO - Task: N/A - Event: N/A - Role: N/A - Builds: [N/A]]: Vector Database initialized at /home/hackmnin/private/UunaWantSomething/Data/knowledge/role_memory.duckdb
[2026-02-21 18:09:45 - INFO - Task: N/A - Event: N/A - Role: N/A - Builds: [N/A]]: Vector Database initialized at /home/hackmnin/private/UunaWantSomething/Data/knowledge/role_memory.duckdb
[2026-02-21 18:10:04 - INFO - Task: N/A - Event: N/A - Role: N/A - Builds: [N/A]]: Vector Database initialized at /home/hackmnin/private/UunaWantSomething/Data/knowledge/role_memory.duckdb
[2026-02-21 18:10:31 - INFO - Task: N/A - Event: N/A - Role: N/A - Builds: [N/A]]: Vector Database initialized at /home/hackmnin/private/UunaWantSomething/Data/knowledge/role_memory.duckdb
[2026-02-21 18:10:43 - INFO - Task: N/A - Event: N/A - Role: N/A - Builds: [N/A]]: Vector Database initialized at /home/hackmnin/private/UunaWantSomething/Data/knowledge/role_memory.duckdb
[2026-02-21 18:12:17 - ERROR - Task: N/A - Event: N/A - Role: N/A - Builds: [N/A]]: AI Call failed for role 'system': ('Connection aborted.', RemoteDisconnected('Remote end closed connection without response'))
[2026-02-21 18:12:17 - ERROR - Task: N/A - Event: N/A - Role: N/A - Builds: [N/A]]: AI Call failed for role 'system': HTTPConnectionPool(host='localhost', port=11434): Max retries exceeded with url: /api/chat (Caused by NewConnectionError("HTTPConnection(host='localhost', port=11434): Failed to establish a new connection: [Errno 111] Connection refused"))
[2026-02-21 18:12:17 - ERROR - Task: N/A - Event: N/A - Role: N/A - Builds: [N/A]]: AI Call failed for role 'system': HTTPConnectionPool(host='localhost', port=11434): Max retries exceeded with url: /api/chat (Caused by NewConnectionError("HTTPConnection(host='localhost', port=11434): Failed to establish a new connection: [Errno 111] Connection refused"))
[2026-02-21 18:12:17 - ERROR - Task: N/A - Event: N/A - Role: N/A - Builds: [N/A]]: AI Call failed for role 'system': HTTPConnectionPool(host='localhost', port=11434): Max retries exceeded with url: /api/chat (Caused by NewConnectionError("HTTPConnection(host='localhost', port=11434): Failed to establish a new connection: [Errno 111] Connection refused"))
[2026-02-21 18:16:38 - INFO - Task: N/A - Event: N/A - Role: N/A - Builds: [N/A]]: Library API and Database Schemas are ready.
[2026-02-21 18:16:47 - INFO - Task: N/A - Event: N/A - Role: N/A - Builds: [N/A]]: Library API and Database Schemas are ready.
[2026-02-21 18:17:17 - INFO - Task: N/A - Event: N/A - Role: N/A - Builds: [N/A]]: Vector Database initialized at /home/hackmnin/private/UunaWantSomething/Data/knowledge/role_memory.duckdb
[2026-02-21 18:17:28 - INFO - Task: N/A - Event: N/A - Role: N/A - Builds: [N/A]]: Vector Database initialized at /home/hackmnin/private/UunaWantSomething/Data/knowledge/role_memory.duckdb
[2026-02-21 18:17:53 - INFO - Task: N/A - Event: N/A - Role: N/A - Builds: [N/A]]: Vector Database initialized at /home/hackmnin/private/UunaWantSomething/Data/knowledge/role_memory.duckdb
[2026-02-21 18:18:06 - INFO - Task: N/A - Event: N/A - Role: N/A - Builds: [N/A]]: Vector Database initialized at /home/hackmnin/private/UunaWantSomething/Data/knowledge/role_memory.duckdb
[2026-02-21 18:18:22 - INFO - Task: N/A - Event: N/A - Role: N/A - Builds: [N/A]]: Vector Database initialized at /home/hackmnin/private/UunaWantSomething/Data/knowledge/role_memory.duckdb
[2026-02-21 18:18:52 - INFO - Task: N/A - Event: N/A - Role: N/A - Builds: [N/A]]: Vector Database initialized at /home/hackmnin/private/UunaWantSomething/Data/knowledge/role_memory.duckdb
[2026-02-21 18:19:06 - INFO - Task: N/A - Event: N/A - Role: N/A - Builds: [N/A]]: Vector Database initialized at /home/hackmnin/private/UunaWantSomething/Data/knowledge/role_memory.duckdb
[2026-02-21 18:19:24 - INFO - Task: N/A - Event: N/A - Role: N/A - Builds: [N/A]]: Vector Database initialized at /home/hackmnin/private/UunaWantSomething/Data/knowledge/role_memory.duckdb
[2026-02-21 18:19:46 - INFO - Task: N/A - Event: N/A - Role: N/A - Builds: [N/A]]: Vector Database initialized at /home/hackmnin/private/UunaWantSomething/Data/knowledge/role_memory.duckdb
[2026-02-21 18:20:04 - INFO - Task: N/A - Event: N/A - Role: N/A - Builds: [N/A]]: Vector Database initialized at /home/hackmnin/private/UunaWantSomething/Data/knowledge/role_memory.duckdb
[2026-02-21 18:20:15 - INFO - Task: N/A - Event: N/A - Role: N/A - Builds: [N/A]]: Vector Database initialized at /home/hackmnin/private/UunaWantSomething/Data/knowledge/role_memory.duckdb
[2026-02-21 18:20:30 - INFO - Task: N/A - Event: N/A - Role: N/A - Builds: [N/A]]: Vector Database initialized at /home/hackmnin/private/UunaWantSomething/Data/knowledge/role_memory.duckdb
[2026-02-21 18:20:52 - INFO - Task: N/A - Event: N/A - Role: N/A - Builds: [N/A]]: Vector Database initialized at /home/hackmnin/private/UunaWantSomething/Data/knowledge/role_memory.duckdb
[2026-02-21 18:21:04 - INFO - Task: N/A - Event: N/A - Role: N/A - Builds: [N/A]]: Vector Database initialized at /home/hackmnin/private/UunaWantSomething/Data/knowledge/role_memory.duckdb
[2026-02-21 18:21:28 - INFO - Task: N/A - Event: N/A - Role: N/A - Builds: [N/A]]: Vector Database initialized at /home/hackmnin/private/UunaWantSomething/Data/knowledge/role_memory.duckdb
[2026-02-21 18:21:42 - INFO - Task: N/A - Event: N/A - Role: N/A - Builds: [N/A]]: Vector Database initialized at /home/hackmnin/private/UunaWantSomething/Data/knowledge/role_memory.duckdb
[2026-02-21 18:21:58 - INFO - Task: N/A - Event: N/A - Role: N/A - Builds: [N/A]]: Vector Database initialized at /home/hackmnin/private/UunaWantSomething/Data/knowledge/role_memory.duckdb
[2026-02-21 18:22:13 - INFO - Task: N/A - Event: N/A - Role: N/A - Builds: [N/A]]: Vector Database initialized at /home/hackmnin/private/UunaWantSomething/Data/knowledge/role_memory.duckdb
[2026-02-21 18:22:29 - INFO - Task: N/A - Event: N/A - Role: N/A - Builds: [N/A]]: Vector Database initialized at /home/hackmnin/private/UunaWantSomething/Data/knowledge/role_memory.duckdb
[2026-02-21 18:22:41 - INFO - Task: N/A - Event: N/A - Role: N/A - Builds: [N/A]]: Vector Database initialized at /home/hackmnin/private/UunaWantSomething/Data/knowledge/role_memory.duckdb
[2026-02-21 18:23:02 - INFO - Task: N/A - Event: N/A - Role: N/A - Builds: [N/A]]: Vector Database initialized at /home/hackmnin/private/UunaWantSomething/Data/knowledge/role_memory.duckdb
[2026-02-21 18:23:18 - INFO - Task: N/A - Event: N/A - Role: N/A - Builds: [N/A]]: Vector Database initialized at /home/hackmnin/private/UunaWantSomething/Data/knowledge/role_memory.duckdb
[2026-02-21 18:23:30 - INFO - Task: N/A - Event: N/A - Role: N/A - Builds: [N/A]]: Vector Database initialized at /home/hackmnin/private/UunaWantSomething/Data/knowledge/role_memory.duckdb
[2026-02-21 18:23:35 - ERROR - Task: N/A - Event: N/A - Role: N/A - Builds: [N/A]]: AI Call failed for role 'system': ('Connection aborted.', RemoteDisconnected('Remote end closed connection without response'))
[2026-02-21 18:23:35 - ERROR - Task: N/A - Event: N/A - Role: N/A - Builds: [N/A]]: AI Call failed for role 'system': HTTPConnectionPool(host='localhost', port=11434): Max retries exceeded with url: /api/chat (Caused by NewConnectionError("HTTPConnection(host='localhost', port=11434): Failed to establish a new connection: [Errno 111] Connection refused"))
[2026-02-21 18:23:35 - ERROR - Task: N/A - Event: N/A - Role: N/A - Builds: [N/A]]: AI Call failed for role 'system': HTTPConnectionPool(host='localhost', port=11434): Max retries exceeded with url: /api/chat (Caused by NewConnectionError("HTTPConnection(host='localhost', port=11434): Failed to establish a new connection: [Errno 111] Connection refused"))
[2026-02-21 18:23:35 - ERROR - Task: N/A - Event: N/A - Role: N/A - Builds: [N/A]]: AI Call failed for role 'system': HTTPConnectionPool(host='localhost', port=11434): Max retries exceeded with url: /api/chat (Caused by NewConnectionError("HTTPConnection(host='localhost', port=11434): Failed to establish a new connection: [Errno 111] Connection refused"))
[2026-02-21 18:24:35 - INFO - Task: N/A - Event: N/A - Role: N/A - Builds: [N/A]]: Library API and Database Schemas are ready.
[2026-02-21 18:24:47 - INFO - Task: N/A - Event: N/A - Role: N/A - Builds: [N/A]]: Library API and Database Schemas are ready.
[2026-02-21 18:25:15 - INFO - Task: N/A - Event: N/A - Role: N/A - Builds: [N/A]]: Vector Database initialized at /home/hackmnin/private/UunaWantSomething/Data/knowledge/role_memory.duckdb
[2026-02-21 18:25:28 - INFO - Task: N/A - Event: N/A - Role: N/A - Builds: [N/A]]: Vector Database initialized at /home/hackmnin/private/UunaWantSomething/Data/knowledge/role_memory.duckdb
[2026-02-21 18:25:57 - INFO - Task: N/A - Event: N/A - Role: N/A - Builds: [N/A]]: Vector Database initialized at /home/hackmnin/private/UunaWantSomething/Data/knowledge/role_memory.duckdb
[2026-02-21 18:26:09 - INFO - Task: N/A - Event: N/A - Role: N/A - Builds: [N/A]]: Vector Database initialized at /home/hackmnin/private/UunaWantSomething/Data/knowledge/role_memory.duckdb
[2026-02-21 18:26:26 - INFO - Task: N/A - Event: N/A - Role: N/A - Builds: [N/A]]: Vector Database initialized at /home/hackmnin/private/UunaWantSomething/Data/knowledge/role_memory.duckdb
[2026-02-21 18:26:59 - INFO - Task: N/A - Event: N/A - Role: N/A - Builds: [N/A]]: Vector Database initialized at /home/hackmnin/private/UunaWantSomething/Data/knowledge/role_memory.duckdb
[2026-02-21 18:27:10 - INFO - Task: N/A - Event: N/A - Role: N/A - Builds: [N/A]]: Vector Database initialized at /home/hackmnin/private/UunaWantSomething/Data/knowledge/role_memory.duckdb
[2026-02-21 18:27:29 - INFO - Task: N/A - Event: N/A - Role: N/A - Builds: [N/A]]: Vector Database initialized at /home/hackmnin/private/UunaWantSomething/Data/knowledge/role_memory.duckdb
[2026-02-21 18:36:04 - INFO - Task: N/A - Event: N/A - Role: N/A - Builds: [N/A]]: Library API and Database Schemas are ready.
[2026-02-21 18:36:18 - INFO - Task: N/A - Event: N/A - Role: N/A - Builds: [N/A]]: Library API and Database Schemas are ready.
[2026-02-21 18:36:41 - INFO - Task: N/A - Event: N/A - Role: N/A - Builds: [N/A]]: Vector Database initialized at /home/hackmnin/private/UunaWantSomething/Data/knowledge/role_memory.duckdb
[2026-02-21 18:37:02 - INFO - Task: N/A - Event: N/A - Role: N/A - Builds: [N/A]]: Vector Database initialized at /home/hackmnin/private/UunaWantSomething/Data/knowledge/role_memory.duckdb
[2026-02-21 18:37:35 - INFO - Task: N/A - Event: N/A - Role: N/A - Builds: [N/A]]: Library API and Database Schemas are ready.
[2026-02-21 18:37:48 - INFO - Task: N/A - Event: N/A - Role: N/A - Builds: [N/A]]: Library API and Database Schemas are ready.
[2026-02-21 18:38:15 - INFO - Task: N/A - Event: N/A - Role: N/A - Builds: [N/A]]: Vector Database initialized at /home/hackmnin/private/UunaWantSomething/Data/knowledge/role_memory.duckdb
[2026-02-21 18:38:27 - INFO - Task: N/A - Event: N/A - Role: N/A - Builds: [N/A]]: Vector Database initialized at /home/hackmnin/private/UunaWantSomething/Data/knowledge/role_memory.duckdb
[2026-02-21 18:38:53 - INFO - Task: N/A - Event: N/A - Role: N/A - Builds: [N/A]]: Vector Database initialized at /home/hackmnin/private/UunaWantSomething/Data/knowledge/role_memory.duckdb
[2026-02-21 18:39:07 - INFO - Task: N/A - Event: N/A - Role: N/A - Builds: [N/A]]: Vector Database initialized at /home/hackmnin/private/UunaWantSomething/Data/knowledge/role_memory.duckdb
[2026-02-21 18:39:23 - INFO - Task: N/A - Event: N/A - Role: N/A - Builds: [N/A]]: Vector Database initialized at /home/hackmnin/private/UunaWantSomething/Data/knowledge/role_memory.duckdb
[2026-02-21 18:39:46 - INFO - Task: N/A - Event: N/A - Role: N/A - Builds: [N/A]]: Vector Database initialized at /home/hackmnin/private/UunaWantSomething/Data/knowledge/role_memory.duckdb
[2026-02-21 18:39:59 - INFO - Task: N/A - Event: N/A - Role: N/A - Builds: [N/A]]: Vector Database initialized at /home/hackmnin/private/UunaWantSomething/Data/knowledge/role_memory.duckdb
[2026-02-21 18:40:17 - INFO - Task: N/A - Event: N/A - Role: N/A - Builds: [N/A]]: Vector Database initialized at /home/hackmnin/private/UunaWantSomething/Data/knowledge/role_memory.duckdb
[2026-02-21 18:40:28 - INFO - Task: N/A - Event: N/A - Role: N/A - Builds: [N/A]]: Vector Database initialized at /home/hackmnin/private/UunaWantSomething/Data/knowledge/role_memory.duckdb
[2026-02-21 18:40:41 - INFO - Task: N/A - Event: N/A - Role: N/A - Builds: [N/A]]: Vector Database initialized at /home/hackmnin/private/UunaWantSomething/Data/knowledge/role_memory.duckdb
[2026-02-21 18:41:04 - INFO - Task: N/A - Event: N/A - Role: N/A - Builds: [N/A]]: Vector Database initialized at /home/hackmnin/private/UunaWantSomething/Data/knowledge/role_memory.duckdb
[2026-02-21 18:41:17 - INFO - Task: N/A - Event: N/A - Role: N/A - Builds: [N/A]]: Vector Database initialized at /home/hackmnin/private/UunaWantSomething/Data/knowledge/role_memory.duckdb
[2026-02-21 18:41:38 - INFO - Task: N/A - Event: N/A - Role: N/A - Builds: [N/A]]: Vector Database initialized at /home/hackmnin/private/UunaWantSomething/Data/knowledge/role_memory.duckdb
[2026-02-21 18:41:50 - INFO - Task: N/A - Event: N/A - Role: N/A - Builds: [N/A]]: Vector Database initialized at /home/hackmnin/private/UunaWantSomething/Data/knowledge/role_memory.duckdb
[2026-02-21 18:42:11 - INFO - Task: N/A - Event: N/A - Role: N/A - Builds: [N/A]]: Vector Database initialized at /home/hackmnin/private/UunaWantSomething/Data/knowledge/role_memory.duckdb
[2026-02-21 18:42:23 - INFO - Task: N/A - Event: N/A - Role: N/A - Builds: [N/A]]: Vector Database initialized at /home/hackmnin/private/UunaWantSomething/Data/knowledge/role_memory.duckdb
[2026-02-21 18:42:54 - INFO - Task: N/A - Event: N/A - Role: N/A - Builds: [N/A]]: Vector Database initialized at /home/hackmnin/private/UunaWantSomething/Data/knowledge/role_memory.duckdb
[2026-02-21 18:43:13 - INFO - Task: N/A - Event: N/A - Role: N/A - Builds: [N/A]]: Vector Database initialized at /home/hackmnin/private/UunaWantSomething/Data/knowledge/role_memory.duckdb
[2026-02-21 18:43:29 - INFO - Task: N/A - Event: N/A - Role: N/A - Builds: [N/A]]: Vector Database initialized at /home/hackmnin/private/UunaWantSomething/Data/knowledge/role_memory.duckdb
[2026-02-21 18:44:01 - INFO - Task: N/A - Event: N/A - Role: N/A - Builds: [N/A]]: Vector Database initialized at /home/hackmnin/private/UunaWantSomething/Data/knowledge/role_memory.duckdb
[2026-02-21 18:44:17 - INFO - Task: N/A - Event: N/A - Role: N/A - Builds: [N/A]]: Vector Database initialized at /home/hackmnin/private/UunaWantSomething/Data/knowledge/role_memory.duckdb
[2026-02-21 18:44:34 - INFO - Task: N/A - Event: N/A - Role: N/A - Builds: [N/A]]: Vector Database initialized at /home/hackmnin/private/UunaWantSomething/Data/knowledge/role_memory.duckdb
[2026-02-21 18:44:47 - INFO - Task: N/A - Event: N/A - Role: N/A - Builds: [N/A]]: Vector Database initialized at /home/hackmnin/private/UunaWantSomething/Data/knowledge/role_memory.duckdb
[2026-02-21 18:45:03 - INFO - Task: N/A - Event: N/A - Role: N/A - Builds: [N/A]]: Vector Database initialized at /home/hackmnin/private/UunaWantSomething/Data/knowledge/role_memory.duckdb
[2026-02-21 18:45:15 - INFO - Task: N/A - Event: N/A - Role: N/A - Builds: [N/A]]: Vector Database initialized at /home/hackmnin/private/UunaWantSomething/Data/knowledge/role_memory.duckdb
[2026-02-21 18:45:33 - INFO - Task: N/A - Event: N/A - Role: N/A - Builds: [N/A]]: Vector Database initialized at /home/hackmnin/private/UunaWantSomething/Data/knowledge/role_memory.duckdb
[2026-02-21 18:45:48 - INFO - Task: N/A - Event: N/A - Role: N/A - Builds: [N/A]]: Vector Database initialized at /home/hackmnin/private/UunaWantSomething/Data/knowledge/role_memory.duckdb
[2026-02-21 18:46:02 - INFO - Task: N/A - Event: N/A - Role: N/A - Builds: [N/A]]: Vector Database initialized at /home/hackmnin/private/UunaWantSomething/Data/knowledge/role_memory.duckdb
[2026-02-21 18:46:14 - INFO - Task: N/A - Event: N/A - Role: N/A - Builds: [N/A]]: Vector Database initialized at /home/hackmnin/private/UunaWantSomething/Data/knowledge/role_memory.duckdb
[2026-02-21 18:46:29 - INFO - Task: N/A - Event: N/A - Role: N/A - Builds: [N/A]]: Vector Database initialized at /home/hackmnin/private/UunaWantSomething/Data/knowledge/role_memory.duckdb
[2026-02-21 18:46:58 - INFO - Task: N/A - Event: N/A - Role: N/A - Builds: [N/A]]: Vector Database initialized at /home/hackmnin/private/UunaWantSomething/Data/knowledge/role_memory.duckdb
[2026-02-21 18:47:11 - INFO - Task: N/A - Event: N/A - Role: N/A - Builds: [N/A]]: Vector Database initialized at /home/hackmnin/private/UunaWantSomething/Data/knowledge/role_memory.duckdb
[2026-02-21 18:47:33 - INFO - Task: N/A - Event: N/A - Role: N/A - Builds: [N/A]]: Vector Database initialized at /home/hackmnin/private/UunaWantSomething/Data/knowledge/role_memory.duckdb
[2026-02-21 18:47:57 - INFO - Task: N/A - Event: N/A - Role: N/A - Builds: [N/A]]: Vector Database initialized at /home/hackmnin/private/UunaWantSomething/Data/knowledge/role_memory.duckdb
[2026-02-21 18:48:14 - INFO - Task: N/A - Event: N/A - Role: N/A - Builds: [N/A]]: Vector Database initialized at /home/hackmnin/private/UunaWantSomething/Data/knowledge/role_memory.duckdb
[2026-02-21 18:48:34 - INFO - Task: N/A - Event: N/A - Role: N/A - Builds: [N/A]]: Vector Database initialized at /home/hackmnin/private/UunaWantSomething/Data/knowledge/role_memory.duckdb
[2026-02-21 18:48:49 - INFO - Task: N/A - Event: N/A - Role: N/A - Builds: [N/A]]: Vector Database initialized at /home/hackmnin/private/UunaWantSomething/Data/knowledge/role_memory.duckdb
[2026-02-21 18:49:23 - INFO - Task: N/A - Event: N/A - Role: N/A - Builds: [N/A]]: Vector Database initialized at /home/hackmnin/private/UunaWantSomething/Data/knowledge/role_memory.duckdb
[2026-02-21 18:49:45 - INFO - Task: N/A - Event: N/A - Role: N/A - Builds: [N/A]]: Vector Database initialized at /home/hackmnin/private/UunaWantSomething/Data/knowledge/role_memory.duckdb
[2026-02-21 18:50:01 - INFO - Task: N/A - Event: N/A - Role: N/A - Builds: [N/A]]: Vector Database initialized at /home/hackmnin/private/UunaWantSomething/Data/knowledge/role_memory.duckdb
[2026-02-21 18:50:15 - INFO - Task: N/A - Event: N/A - Role: N/A - Builds: [N/A]]: Vector Database initialized at /home/hackmnin/private/UunaWantSomething/Data/knowledge/role_memory.duckdb
[2026-02-21 18:50:47 - INFO - Task: N/A - Event: N/A - Role: N/A - Builds: [N/A]]: Vector Database initialized at /home/hackmnin/private/UunaWantSomething/Data/knowledge/role_memory.duckdb
[2026-02-21 18:51:12 - INFO - Task: N/A - Event: N/A - Role: N/A - Builds: [N/A]]: Vector Database initialized at /home/hackmnin/private/UunaWantSomething/Data/knowledge/role_memory.duckdb
[2026-02-21 18:56:32 - INFO - Task: N/A - Event: N/A - Role: N/A - Builds: [N/A]]: Library API and Database Schemas are ready.
[2026-02-21 18:56:46 - INFO - Task: N/A - Event: N/A - Role: N/A - Builds: [N/A]]: Library API and Database Schemas are ready.
[2026-02-21 18:57:40 - INFO - Task: N/A - Event: N/A - Role: N/A - Builds: [N/A]]: Vector Database initialized at /home/hackmnin/private/UunaWantSomething/Data/knowledge/role_memory.duckdb
[2026-02-21 18:57:53 - INFO - Task: N/A - Event: N/A - Role: N/A - Builds: [N/A]]: Vector Database initialized at /home/hackmnin/private/UunaWantSomething/Data/knowledge/role_memory.duckdb
[2026-02-21 18:58:20 - INFO - Task: N/A - Event: N/A - Role: N/A - Builds: [N/A]]: Vector Database initialized at /home/hackmnin/private/UunaWantSomething/Data/knowledge/role_memory.duckdb
[2026-02-21 18:58:34 - INFO - Task: N/A - Event: N/A - Role: N/A - Builds: [N/A]]: Vector Database initialized at /home/hackmnin/private/UunaWantSomething/Data/knowledge/role_memory.duckdb
[2026-02-21 18:58:47 - INFO - Task: N/A - Event: N/A - Role: N/A - Builds: [N/A]]: Vector Database initialized at /home/hackmnin/private/UunaWantSomething/Data/knowledge/role_memory.duckdb
[2026-02-21 18:59:02 - INFO - Task: N/A - Event: N/A - Role: N/A - Builds: [N/A]]: Vector Database initialized at /home/hackmnin/private/UunaWantSomething/Data/knowledge/role_memory.duckdb
[2026-02-21 18:59:18 - INFO - Task: N/A - Event: N/A - Role: N/A - Builds: [N/A]]: Vector Database initialized at /home/hackmnin/private/UunaWantSomething/Data/knowledge/role_memory.duckdb
[2026-02-21 18:59:33 - INFO - Task: N/A - Event: N/A - Role: N/A - Builds: [N/A]]: Vector Database initialized at /home/hackmnin/private/UunaWantSomething/Data/knowledge/role_memory.duckdb
[2026-02-21 19:11:37 - INFO - Task: N/A - Event: N/A - Role: N/A - Builds: [N/A]]: Library API and Database Schemas are ready.
[2026-02-21 19:11:51 - INFO - Task: N/A - Event: N/A - Role: N/A - Builds: [N/A]]: Library API and Database Schemas are ready.
[2026-02-21 19:12:24 - INFO - Task: N/A - Event: N/A - Role: N/A - Builds: [N/A]]: Vector Database initialized at /home/hackmnin/private/UunaWantSomething/Data/knowledge/role_memory.duckdb
[2026-02-21 19:12:38 - INFO - Task: N/A - Event: N/A - Role: N/A - Builds: [N/A]]: Vector Database initialized at /home/hackmnin/private/UunaWantSomething/Data/knowledge/role_memory.duckdb
[2026-02-21 19:12:57 - INFO - Task: N/A - Event: N/A - Role: N/A - Builds: [N/A]]: Vector Database initialized at /home/hackmnin/private/UunaWantSomething/Data/knowledge/role_memory.duckdb
[2026-02-21 19:13:11 - INFO - Task: N/A - Event: N/A - Role: N/A - Builds: [N/A]]: Vector Database initialized at /home/hackmnin/private/UunaWantSomething/Data/knowledge/role_memory.duckdb
[2026-02-21 19:13:35 - INFO - Task: N/A - Event: N/A - Role: N/A - Builds: [N/A]]: Vector Database initialized at /home/hackmnin/private/UunaWantSomething/Data/knowledge/role_memory.duckdb
[2026-02-21 19:14:01 - INFO - Task: N/A - Event: N/A - Role: N/A - Builds: [N/A]]: Vector Database initialized at /home/hackmnin/private/UunaWantSomething/Data/knowledge/role_memory.duckdb
[2026-02-21 19:14:17 - INFO - Task: N/A - Event: N/A - Role: N/A - Builds: [N/A]]: Vector Database initialized at /home/hackmnin/private/UunaWantSomething/Data/knowledge/role_memory.duckdb
[2026-02-21 19:14:33 - INFO - Task: N/A - Event: N/A - Role: N/A - Builds: [N/A]]: Vector Database initialized at /home/hackmnin/private/UunaWantSomething/Data/knowledge/role_memory.duckdb
[2026-02-21 21:27:15 - INFO - Task: N/A - Event: N/A - Role: N/A - Builds: [N/A]]: Library API and Database Schemas are ready.
[2026-02-21 21:27:28 - INFO - Task: N/A - Event: N/A - Role: N/A - Builds: [N/A]]: Library API and Database Schemas are ready.
[2026-02-21 21:27:48 - INFO - Task: N/A - Event: N/A - Role: N/A - Builds: [N/A]]: Vector Database initialized at /home/hackmnin/private/UunaWantSomething/Data/knowledge/role_memory.duckdb
[2026-02-21 21:28:01 - INFO - Task: N/A - Event: N/A - Role: N/A - Builds: [N/A]]: Vector Database initialized at /home/hackmnin/private/UunaWantSomething/Data/knowledge/role_memory.duckdb
[2026-02-21 21:28:23 - INFO - Task: N/A - Event: N/A - Role: N/A - Builds: [N/A]]: Vector Database initialized at /home/hackmnin/private/UunaWantSomething/Data/knowledge/role_memory.duckdb
[2026-02-21 21:28:41 - INFO - Task: N/A - Event: N/A - Role: N/A - Builds: [N/A]]: Vector Database initialized at /home/hackmnin/private/UunaWantSomething/Data/knowledge/role_memory.duckdb
[2026-02-21 21:28:56 - INFO - Task: N/A - Event: N/A - Role: N/A - Builds: [N/A]]: Vector Database initialized at /home/hackmnin/private/UunaWantSomething/Data/knowledge/role_memory.duckdb
[2026-02-21 21:29:21 - INFO - Task: N/A - Event: N/A - Role: N/A - Builds: [N/A]]: Vector Database initialized at /home/hackmnin/private/UunaWantSomething/Data/knowledge/role_memory.duckdb
[2026-02-21 21:29:37 - INFO - Task: N/A - Event: N/A - Role: N/A - Builds: [N/A]]: Vector Database initialized at /home/hackmnin/private/UunaWantSomething/Data/knowledge/role_memory.duckdb
[2026-02-21 21:29:53 - INFO - Task: N/A - Event: N/A - Role: N/A - Builds: [N/A]]: Vector Database initialized at /home/hackmnin/private/UunaWantSomething/Data/knowledge/role_memory.duckdb
[2026-02-21 21:30:24 - INFO - Task: N/A - Event: N/A - Role: N/A - Builds: [N/A]]: Vector Database initialized at /home/hackmnin/private/UunaWantSomething/Data/knowledge/role_memory.duckdb
[2026-02-21 21:30:41 - INFO - Task: N/A - Event: N/A - Role: N/A - Builds: [N/A]]: Vector Database initialized at /home/hackmnin/private/UunaWantSomething/Data/knowledge/role_memory.duckdb
[2026-02-21 21:30:59 - INFO - Task: N/A - Event: N/A - Role: N/A - Builds: [N/A]]: Vector Database initialized at /home/hackmnin/private/UunaWantSomething/Data/knowledge/role_memory.duckdb
[2026-02-21 21:31:21 - INFO - Task: N/A - Event: N/A - Role: N/A - Builds: [N/A]]: Vector Database initialized at /home/hackmnin/private/UunaWantSomething/Data/knowledge/role_memory.duckdb
[2026-02-21 21:31:35 - INFO - Task: N/A - Event: N/A - Role: N/A - Builds: [N/A]]: Vector Database initialized at /home/hackmnin/private/UunaWantSomething/Data/knowledge/role_memory.duckdb
[2026-02-21 21:31:48 - INFO - Task: N/A - Event: N/A - Role: N/A - Builds: [N/A]]: Vector Database initialized at /home/hackmnin/private/UunaWantSomething/Data/knowledge/role_memory.duckdb
[2026-02-21 21:32:01 - INFO - Task: N/A - Event: N/A - Role: N/A - Builds: [N/A]]: Vector Database initialized at /home/hackmnin/private/UunaWantSomething/Data/knowledge/role_memory.duckdb
[2026-02-21 21:32:13 - INFO - Task: N/A - Event: N/A - Role: N/A - Builds: [N/A]]: Vector Database initialized at /home/hackmnin/private/UunaWantSomething/Data/knowledge/role_memory.duckdb
[2026-02-21 21:33:58 - INFO - Task: N/A - Event: N/A - Role: N/A - Builds: [N/A]]: Library API and Database Schemas are ready.
[2026-02-21 21:34:05 - INFO - Task: N/A - Event: N/A - Role: N/A - Builds: [N/A]]: Library API and Database Schemas are ready.
[2026-02-21 21:34:33 - INFO - Task: N/A - Event: N/A - Role: N/A - Builds: [N/A]]: Vector Database initialized at /home/hackmnin/private/UunaWantSomething/Data/knowledge/role_memory.duckdb
[2026-02-21 21:34:47 - INFO - Task: N/A - Event: N/A - Role: N/A - Builds: [N/A]]: Vector Database initialized at /home/hackmnin/private/UunaWantSomething/Data/knowledge/role_memory.duckdb
[2026-02-21 21:36:59 - ERROR - Task: N/A - Event: N/A - Role: N/A - Builds: [N/A]]: AI Call failed for role 'system': ('Connection aborted.', RemoteDisconnected('Remote end closed connection without response'))
[2026-02-21 21:36:59 - ERROR - Task: N/A - Event: N/A - Role: N/A - Builds: [N/A]]: AI Call failed for role 'system': HTTPConnectionPool(host='localhost', port=11434): Max retries exceeded with url: /api/chat (Caused by NewConnectionError("HTTPConnection(host='localhost', port=11434): Failed to establish a new connection: [Errno 111] Connection refused"))
[2026-02-21 21:36:59 - ERROR - Task: N/A - Event: N/A - Role: N/A - Builds: [N/A]]: AI Call failed for role 'system': HTTPConnectionPool(host='localhost', port=11434): Max retries exceeded with url: /api/chat (Caused by NewConnectionError("HTTPConnection(host='localhost', port=11434): Failed to establish a new connection: [Errno 111] Connection refused"))
[2026-02-21 21:36:59 - ERROR - Task: N/A - Event: N/A - Role: N/A - Builds: [N/A]]: AI Call failed for role 'system': HTTPConnectionPool(host='localhost', port=11434): Max retries exceeded with url: /api/chat (Caused by NewConnectionError("HTTPConnection(host='localhost', port=11434): Failed to establish a new connection: [Errno 111] Connection refused"))
[2026-02-21 21:37:09 - INFO - Task: N/A - Event: N/A - Role: N/A - Builds: [N/A]]: Library API and Database Schemas are ready.
[2026-02-21 21:37:16 - INFO - Task: N/A - Event: N/A - Role: N/A - Builds: [N/A]]: Library API and Database Schemas are ready.
[2026-02-21 21:38:12 - INFO - Task: N/A - Event: N/A - Role: N/A - Builds: [N/A]]: Vector Database initialized at /home/hackmnin/private/UunaWantSomething/Data/knowledge/role_memory.duckdb
[2026-02-21 21:38:29 - INFO - Task: N/A - Event: N/A - Role: N/A - Builds: [N/A]]: Vector Database initialized at /home/hackmnin/private/UunaWantSomething/Data/knowledge/role_memory.duckdb
[2026-02-21 21:39:31 - INFO - Task: N/A - Event: N/A - Role: N/A - Builds: [N/A]]: Vector Database initialized at /home/hackmnin/private/UunaWantSomething/Data/knowledge/role_memory.duckdb
[2026-02-21 21:39:42 - INFO - Task: N/A - Event: N/A - Role: N/A - Builds: [N/A]]: Vector Database initialized at /home/hackmnin/private/UunaWantSomething/Data/knowledge/role_memory.duckdb
[2026-02-21 21:40:02 - INFO - Task: N/A - Event: N/A - Role: N/A - Builds: [N/A]]: Vector Database initialized at /home/hackmnin/private/UunaWantSomething/Data/knowledge/role_memory.duckdb
[2026-02-21 21:40:16 - INFO - Task: N/A - Event: N/A - Role: N/A - Builds: [N/A]]: Vector Database initialized at /home/hackmnin/private/UunaWantSomething/Data/knowledge/role_memory.duckdb
[2026-02-21 21:40:33 - INFO - Task: N/A - Event: N/A - Role: N/A - Builds: [N/A]]: Vector Database initialized at /home/hackmnin/private/UunaWantSomething/Data/knowledge/role_memory.duckdb
[2026-02-21 21:46:23 - INFO - Task: N/A - Event: N/A - Role: N/A - Builds: [N/A]]: Library API and Database Schemas are ready.
[2026-02-21 21:46:30 - INFO - Task: N/A - Event: N/A - Role: N/A - Builds: [N/A]]: Library API and Database Schemas are ready.
[2026-02-21 21:46:49 - INFO - Task: N/A - Event: N/A - Role: N/A - Builds: [N/A]]: Vector Database initialized at /home/hackmnin/private/UunaWantSomething/Data/knowledge/role_memory.duckdb
[2026-02-21 21:47:06 - INFO - Task: N/A - Event: N/A - Role: N/A - Builds: [N/A]]: Vector Database initialized at /home/hackmnin/private/UunaWantSomething/Data/knowledge/role_memory.duckdb
[2026-02-21 21:47:20 - INFO - Task: N/A - Event: N/A - Role: N/A - Builds: [N/A]]: Vector Database initialized at /home/hackmnin/private/UunaWantSomething/Data/knowledge/role_memory.duckdb
[2026-02-21 21:47:35 - INFO - Task: N/A - Event: N/A - Role: N/A - Builds: [N/A]]: Vector Database initialized at /home/hackmnin/private/UunaWantSomething/Data/knowledge/role_memory.duckdb
[2026-02-21 21:47:50 - INFO - Task: N/A - Event: N/A - Role: N/A - Builds: [N/A]]: Vector Database initialized at /home/hackmnin/private/UunaWantSomething/Data/knowledge/role_memory.duckdb
[2026-02-21 21:48:19 - INFO - Task: N/A - Event: N/A - Role: N/A - Builds: [N/A]]: Vector Database initialized at /home/hackmnin/private/UunaWantSomething/Data/knowledge/role_memory.duckdb
[2026-02-21 21:48:19 - INFO - Task: N/A - Event: N/A - Role: N/A - Builds: [N/A]]: Vector Database initialized at /home/hackmnin/private/UunaWantSomething/Data/knowledge/role_memory.duckdb
[2026-02-21 21:50:17 - INFO - Task: N/A - Event: N/A - Role: N/A - Builds: [N/A]]: Vector Database initialized at /home/hackmnin/private/UunaWantSomething/Data/knowledge/role_memory.duckdb
[2026-02-21 21:50:30 - INFO - Task: N/A - Event: N/A - Role: N/A - Builds: [N/A]]: Vector Database initialized at /home/hackmnin/private/UunaWantSomething/Data/knowledge/role_memory.duckdb
[2026-02-22 07:45:38 - INFO - Task: N/A - Event: N/A - Role: N/A - Builds: [N/A]]: Library API and Database Schemas are ready.
[2026-02-22 07:45:51 - INFO - Task: N/A - Event: N/A - Role: N/A - Builds: [N/A]]: Library API and Database Schemas are ready.
[2026-02-22 07:46:16 - INFO - Task: N/A - Event: N/A - Role: N/A - Builds: [N/A]]: Vector Database initialized at /home/hackmnin/private/UunaWantSomething/Data/knowledge/role_memory.duckdb
[2026-02-22 07:46:33 - INFO - Task: N/A - Event: N/A - Role: N/A - Builds: [N/A]]: Vector Database initialized at /home/hackmnin/private/UunaWantSomething/Data/knowledge/role_memory.duckdb
[2026-02-22 07:46:51 - INFO - Task: N/A - Event: N/A - Role: N/A - Builds: [N/A]]: Vector Database initialized at /home/hackmnin/private/UunaWantSomething/Data/knowledge/role_memory.duckdb
[2026-02-22 07:47:04 - INFO - Task: N/A - Event: N/A - Role: N/A - Builds: [N/A]]: Vector Database initialized at /home/hackmnin/private/UunaWantSomething/Data/knowledge/role_memory.duckdb
[2026-02-22 07:47:20 - INFO - Task: N/A - Event: N/A - Role: N/A - Builds: [N/A]]: Vector Database initialized at /home/hackmnin/private/UunaWantSomething/Data/knowledge/role_memory.duckdb
[2026-02-22 07:47:32 - INFO - Task: N/A - Event: N/A - Role: N/A - Builds: [N/A]]: Vector Database initialized at /home/hackmnin/private/UunaWantSomething/Data/knowledge/role_memory.duckdb
[2026-02-22 07:47:35 - ERROR - Task: N/A - Event: N/A - Role: N/A - Builds: [N/A]]: Failed to generate embedding: 500 Server Error: Internal Server Error for url: http://localhost:11434/api/embeddings
[2026-02-22 07:47:50 - INFO - Task: N/A - Event: N/A - Role: N/A - Builds: [N/A]]: Vector Database initialized at /home/hackmnin/private/UunaWantSomething/Data/knowledge/role_memory.duckdb
[2026-02-22 07:47:53 - ERROR - Task: N/A - Event: N/A - Role: N/A - Builds: [N/A]]: Failed to generate embedding: 500 Server Error: Internal Server Error for url: http://localhost:11434/api/embeddings
[2026-02-22 07:48:20 - INFO - Task: N/A - Event: N/A - Role: N/A - Builds: [N/A]]: Vector Database initialized at /home/hackmnin/private/UunaWantSomething/Data/knowledge/role_memory.duckdb
[2026-02-22 07:48:23 - ERROR - Task: N/A - Event: N/A - Role: N/A - Builds: [N/A]]: Failed to generate embedding: 500 Server Error: Internal Server Error for url: http://localhost:11434/api/embeddings
[2026-02-22 07:48:37 - INFO - Task: N/A - Event: N/A - Role: N/A - Builds: [N/A]]: Vector Database initialized at /home/hackmnin/private/UunaWantSomething/Data/knowledge/role_memory.duckdb
[2026-02-22 07:48:53 - INFO - Task: N/A - Event: N/A - Role: N/A - Builds: [N/A]]: Vector Database initialized at /home/hackmnin/private/UunaWantSomething/Data/knowledge/role_memory.duckdb
[2026-02-22 07:49:09 - INFO - Task: N/A - Event: N/A - Role: N/A - Builds: [N/A]]: Vector Database initialized at /home/hackmnin/private/UunaWantSomething/Data/knowledge/role_memory.duckdb
[2026-02-22 07:49:24 - INFO - Task: N/A - Event: N/A - Role: N/A - Builds: [N/A]]: Vector Database initialized at /home/hackmnin/private/UunaWantSomething/Data/knowledge/role_memory.duckdb
[2026-02-22 07:49:37 - INFO - Task: N/A - Event: N/A - Role: N/A - Builds: [N/A]]: Vector Database initialized at /home/hackmnin/private/UunaWantSomething/Data/knowledge/role_memory.duckdb
[2026-02-22 07:49:56 - INFO - Task: N/A - Event: N/A - Role: N/A - Builds: [N/A]]: Vector Database initialized at /home/hackmnin/private/UunaWantSomething/Data/knowledge/role_memory.duckdb
[2026-02-22 07:50:15 - INFO - Task: N/A - Event: N/A - Role: N/A - Builds: [N/A]]: Vector Database initialized at /home/hackmnin/private/UunaWantSomething/Data/knowledge/role_memory.duckdb
[2026-02-22 07:50:18 - ERROR - Task: N/A - Event: N/A - Role: N/A - Builds: [N/A]]: Failed to generate embedding: 500 Server Error: Internal Server Error for url: http://localhost:11434/api/embeddings
[2026-02-22 07:50:28 - INFO - Task: N/A - Event: N/A - Role: N/A - Builds: [N/A]]: Vector Database initialized at /home/hackmnin/private/UunaWantSomething/Data/knowledge/role_memory.duckdb
[2026-02-22 07:50:32 - ERROR - Task: N/A - Event: N/A - Role: N/A - Builds: [N/A]]: Failed to generate embedding: 500 Server Error: Internal Server Error for url: http://localhost:11434/api/embeddings
[2026-02-22 07:52:14 - ERROR - Task: N/A - Event: N/A - Role: N/A - Builds: [N/A]]: AI Call failed for role 'system': ('Connection aborted.', RemoteDisconnected('Remote end closed connection without response'))
[2026-02-22 07:52:14 - ERROR - Task: N/A - Event: N/A - Role: N/A - Builds: [N/A]]: AI Call failed for role 'system': HTTPConnectionPool(host='localhost', port=11434): Max retries exceeded with url: /api/chat (Caused by NewConnectionError("HTTPConnection(host='localhost', port=11434): Failed to establish a new connection: [Errno 111] Connection refused"))
[2026-02-22 07:52:14 - ERROR - Task: N/A - Event: N/A - Role: N/A - Builds: [N/A]]: AI Call failed for role 'system': HTTPConnectionPool(host='localhost', port=11434): Max retries exceeded with url: /api/chat (Caused by NewConnectionError("HTTPConnection(host='localhost', port=11434): Failed to establish a new connection: [Errno 111] Connection refused"))
[2026-02-22 07:52:14 - ERROR - Task: N/A - Event: N/A - Role: N/A - Builds: [N/A]]: AI Call failed for role 'system': HTTPConnectionPool(host='localhost', port=11434): Max retries exceeded with url: /api/chat (Caused by NewConnectionError("HTTPConnection(host='localhost', port=11434): Failed to establish a new connection: [Errno 111] Connection refused"))
